In almost all gen AI engineer job postings, you will find one common skill, retrieval augmented generation also known as RAG. In my company, Atlake, when we build AI projects for our clients, more than 40% of these projects have RAG component in it. So what exactly is RAG? What are different types? Is naive RAG dead due to vector less RAG? We are going to cover all these RAG basics in a very simple and intuitive language. We will not just talk theory. I will show you a RAG project, which is a customer care chatbot in telecom domain. In the end, I will share some useful resources, including RAG interview questions. All right, let's get started. Let's understand RAG using a simple example. When you ask chat GPT a policy question for some private company, it won't be able to answer it because chat GPT is trained on general internet knowledge. It doesn't know the HR policy details of any private company. But if you give HR policy document to this LLM, which acts like a brain, it should be able to read a relevant section and provide you with the answer. This is similar to having a very smart student, Mira, who is a computer science student. And you are asking her to appear in a microbiology exam, which is an open book exam. Now, Mira is generally good in terms of reading, writing, comprehension, understanding, et cetera, but she doesn't know anything about microbiology. But in this exam, she has been given a book on microbiology, from which they're going to ask the questions. Now, Mira can use her reading, writing, comprehension skills to look at the book, and she can write answers in the exam. So here, Mira's brain is like LLM, which has a good understanding of language, it has reasoning capabilities. And the book is like an HR policy document, it is an external knowledge where LLM can look into it and pull the answers. Let's now understand the two step process of how RAC works underneath. So here I have HR policy document from at Lake, which will have a section on retirement benefits. Okay, so now if I go to chat GPT, and if I copy this particular section, okay, and I ask my question related to contribution to employees' retirement fund, in that case, chat GPT will be able to answer that question. Because here you are asking a question and providing knowledge as a reference in the context, and it can pull the answer. But what if your HR policy document is 3000 page PDF? Okay, what if that knowledge is very big? What's going to happen in that case is you will run out of your context window limit. And even if you have a huge context window, you should still not feed the entire knowledge because it will be too many tokens, it will be costly. So what people do is they will chunk this document. So they will create, let's say, basic strategy is fixed size chunks. And then for a given question, you can pull the relevant chunks. So for this particular question, let's say my first chunk is 70% probability that it will contain the answer. Second chunk is 60% match. And you can have by the way, I'm showing just three, but you can have 1000 chunks. And some of the chunks might have 5% or even 10% possibility that it may contain the answer. Let's say the chunk contains information on when at least was founded, culture founders, etc. Then that doesn't have anything to do with the retirement question that you're asking. Okay, so the relevance of that chunk will be very, very low. Now, how do you exactly find this kind of similarity? So that is this concept of embedding. So embedding is a process of converting text into a vector such that it can represent its meaning. Okay, so if all the chunks you will convert them into vector embeddings, and then you will store them into a vector database. This is different than your regular database, your regular database can search using exit values, whereas vector database will be able to search using the meaning. So when you search for, let's say, a company that is a leader in electric vehicle, it will return Tesla from the database. So it is searching based on the meaning, not based on the exit word to generate embedding, you can use variety of models, sentence transformer, text embedding, three small, and so on. And there are many vector database choices that you have in market, Milverse, Quadrant, ChromaDB, and so on. This step is called indexing. This is the first step in a rack process, where you are indexing all these vectors of chunks into a vector database. The second step is retrieval, where for a given question, you will generate embedding using the same embedding model, then you will try to find the relevant chunks in a vector database. So here, it is doing the semantic search, giving you a relevant vectors, you can specify top k factor, let's say I need two chunks or five chunks and so on. And then you will generate the actual text out of those chunks, and you will put it in your prompt along with the question. And when the question is given to LLM, it will give you the answer. So here, below the question, what you are doing is you are providing only the relevant chunks. So this way, LLM will not hallucinate, and it will give you accurate answer. That takes us into our next segment, which is the two major benefits of RAC. The first one is the answers that you get will be highly accurate. And the chances of hallucination will reduce because you are grounding your responses in the knowledge in the source of truth. Second, it is very cost effective, because if you pass the entire context, then you are sending too many tokens to LLM. And these LLM APIs, they charge you per token. So if you send less number of tokens, only the relevant knowledge, then you will save money on your API bill. Here is a hands on customer care assistant RAC project. I have given the code in the video description below. You can ask different questions. For example, why is my mobile internet slow? And it will find the answer based on the knowledge that it has. So the knowledge is stored in terms of the troubleshooting PDF file. So here is the PDF file. And let's say you have this question on how do you want to enable the LTE, then it is pulling that answer from this particular PDF file. The other source is the CSV file containing all the FAQs. And the third source is a SQLite database containing all the past tickets. Here we are using ChromaDB as vector database. So we are ingesting FAQs, then PDF and tickets into ChromaDB. Okay, so these are the three files which is ingesting into a vector database. If you look at ingest PDF here, we are using the chunk size of 600 overlap of 100. We are using recursive character text splitter strategy. And for embedding, we are using this particular embedding model from hugging face as a framework we have used Lang chain. Now the retriever will try to find relevant chunks from FAQ tickets or guides. In terms of LLM, we are using Quen from chat grok. Please download the project on your computer, try to run it to enhance your understanding on rack concepts. Telecom support chatbot that we just saw is an example of enterprise QA chatbot. There are many other industry use cases for rack. For example, you can build medical knowledge assistant, which can look at the vast amount of medical knowledge and pulls a relevant answer for your query. The other one is legal and compliance tools. Once again, here the knowledge will be your legal documents and you want to pull the most relevant and accurate answer. HR chatbot is another example. Let's now look at rack categories. The first one is a vector rag and naive rag is the example that we just saw where you pull the top K relevant chunks from a vector database and answer users question. The second category is vector less rag in which you can perform a keyword rag. So here you are not generating any vector embeddings. You don't have a vector database, but you're using keyword match or techniques like BM 25, TF IDF, etc. to query into the document using the exact keywords. This method will work when you have a lot of codes, jargon IDs, citations, let's say you're doing research and you are always searching using some particular ID or a particular keyword, then this will work. This is weak for semantic understanding when you're not doing exact keyword matching and searching using meaning. This is not a good choice. And the key tools that uses keyword rag concepts like BM 25 is elastic search and Apache solar. The next category in vector rag is hybrid rag where you're combining vector search and keyword search. Okay, you do both of these in parallel and merge the results. This is based for most of the production systems. The key tools here are elastic search plus any vector DB. Now in at like we worked on one rag project for our client where we have developed our own custom hybrid method for doing rag and we have given details of this approach in a different

video you can check it out if you are interested. Also if you want to learn AI engineering by building production grade AI systems similar to the projects that I just mentioned then check our AI engineering cohort where we have live sessions on weekends and we will teach you all the concepts plus you will build eight plus production grade projects. The next category in vector less rag is a graph rag it is also known as KG rag. So here you will generate a knowledge graph. So let's say your knowledge is Elon Musk and all the companies he has founded. So in that case you will build this kind of knowledge graph where you will say Elon Musk founded Tesla, SpaceX, Neuralink, OpenAI and so on and then these companies will be operating in these different domains. So these are all the entities and they are connected through some kind of relationship. Now when you ask a question which companies are founded by Elon Musk which are working in AI you will traverse this particular path okay. So you will look at all the companies and then you will do breadth first traversal and you will find that OpenAI is working in AI. The next one is SQL rag. This is also known as text to SQL. This method is very simple. Let's say you have sales database which contains the sales of products. Now you're asking this question which product sold the most last month. Using LLM you can first generate a query for that database. You will execute the query, get the results and then give it back to LLM to generate a comprehensive answer. Very simple technique. You are taking a sentence in a natural language converting it to SQL using LLM and putting a query in your database to get the results. And the last method which is relatively new is called page index. It is reasoning based rag. So here let's say you have 3000 page PDF document. First you will generate the table of content okay. The table of content or your information structure. This is like you're having a book and you are having all the chapter and topic layout. Now when somebody asks this question what does the contract say about compensation for breach of contract? The LLM will use its reasoning capability and this particular table of content to traverse this particular graph and locate the thing that it is looking for. So for example in this case it will first find out that this is related to performance of contracts because the contract is already executed. So it has to be related to this and then it finds compensation of breach. So it goes from here to here and then you are discussing loss. So due to that it will out of all these nodes it will go to this particular node and it will pull the relevant document. Now this might give you an index and using index you might have to refer back to the original knowledge. So here's a GitHub for page index. It is known as vectorless rag but it is one of the categories of vectorless rag. The right term is reasoning based rag. So here you can see from document you are generating a tree which is your knowledge tree structure index of documents and then LLM will do its reasoning to find the relevant chunk. Here you're not using any vectors. You're not using any embeddings no vector DB. Just by looking at the structure you know the table layout which looks something like this. You will try to find a given node. Okay. And see here there is a summary. So using the summary LLM can reason and it can say okay maybe the answer is in this particular node and then it will go to that node refer to the original document and pull the answer. I have attached this PDF in the video description below where you have categories of rag. You also have a table comparing when to use what. It is not that reasoning rag is here so you should not use naive rag. You should use it when you have general text Q&A boards etc. And the complexity here is low. The complexity in case of page index is high. You should use it when you have hierarchical tree index LLM traversal. You know these are the use cases. So you can use this table to determine when to use what kind of rag and then we have rag interview questions. Alright folks so please check it out if you have any question post in the comment box below.